// Jest Snapshot v1, https://goo.gl/fbAQLP

exports[`Peripheral should match snap 1`] = `
<div
  style={
    Object {
      "opacity": 1,
    }
  }
>
  <div
    className="ant-card ant-card-bordered ant-card-hoverable sc-pVTFL gQUQji"
  >
    <div
      className="ant-card-body"
      style={Object {}}
    >
      <div
        className="ant-row"
        style={Object {}}
      >
        <div
          className="ant-col ant-col-md-8"
          style={Object {}}
        >
          <button
            className="ant-btn ant-btn-icon-only ant-btn-dangerous"
            onClick={[Function]}
            type="button"
          >
            <span
              aria-label="delete"
              className="anticon anticon-delete"
              role="img"
            >
              <svg
                aria-hidden="true"
                data-icon="delete"
                fill="currentColor"
                focusable="false"
                height="1em"
                viewBox="64 64 896 896"
                width="1em"
              >
                <path
                  d="M360 184h-8c4.4 0 8-3.6 8-8v8h304v-8c0 4.4 3.6 8 8 8h-8v72h72v-80c0-35.3-28.7-64-64-64H352c-35.3 0-64 28.7-64 64v80h72v-72zm504 72H160c-17.7 0-32 14.3-32 32v32c0 4.4 3.6 8 8 8h60.4l24.7 523c1.6 34.1 29.8 61 63.9 61h454c34.2 0 62.3-26.8 63.9-61l24.7-523H888c4.4 0 8-3.6 8-8v-32c0-17.7-14.3-32-32-32zM731.3 840H292.7l-24.2-512h487l-24.2 512z"
                />
              </svg>
            </span>
          </button>
        </div>
        <div
          className="ant-col"
          style={Object {}}
        >
          <div
            className="ant-space ant-space-vertical sc-furwcr mkXde"
            style={Object {}}
          >
            <div
              className="ant-space-item"
              style={
                Object {
                  "marginBottom": 8,
                }
              }
            >
              <span
                className="ant-typography"
                onClick={null}
                style={
                  Object {
                    "WebkitLineClamp": undefined,
                  }
                }
              >
                123
              </span>
            </div>
            <div
              className="ant-space-item"
              style={
                Object {
                  "marginBottom": 8,
                }
              }
            >
              <span
                className="ant-typography ant-typography-secondary"
                onClick={null}
                style={
                  Object {
                    "WebkitLineClamp": undefined,
                  }
                }
              >
                1231....asd1
              </span>
            </div>
            <div
              className="ant-space-item"
              style={
                Object {
                  "marginBottom": 8,
                }
              }
            >
              <span
                className="ant-typography"
                onClick={null}
                style={
                  Object {
                    "WebkitLineClamp": undefined,
                  }
                }
              >
                online
              </span>
            </div>
            <div
              className="ant-space-item"
              style={
                Object {
                  "marginBottom": 8,
                }
              }
            >
              <span
                className="ant-typography"
                onClick={null}
                style={
                  Object {
                    "WebkitLineClamp": undefined,
                  }
                }
              >
                Vendor 1
              </span>
            </div>
            <div
              className="ant-space-item"
              style={Object {}}
            >
              <span
                className="ant-typography"
                onClick={null}
                style={
                  Object {
                    "WebkitLineClamp": undefined,
                  }
                }
              >
                22-01-22
              </span>
            </div>
          </div>
        </div>
      </div>
    </div>
  </div>
</div>
`;
